 running    2 mpi-ranks, with    1 threads/rank, on    1 nodes
 distrk:  each k-point on    2 cores,    1 groups
 distr:  one band on    2 cores,    1 groups
 vasp.6.4.2 20Jul23 (build Oct 18 2023 12:49:41) complex                         
 POSCAR found type information on POSCAR Si
 POSCAR found :  1 types and       2 ions
 Reading from existing POTCAR
 scaLAPACK will be used
 Reading from existing POTCAR
 LDA part: xc-table for Pade appr. of Perdew
 -----------------------------------------------------------------------------
|                                                                             |
|           W    W    AA    RRRRR   N    N  II  N    N   GGGG   !!!           |
|           W    W   A  A   R    R  NN   N  II  NN   N  G    G  !!!           |
|           W    W  A    A  R    R  N N  N  II  N N  N  G       !!!           |
|           W WW W  AAAAAA  RRRRR   N  N N  II  N  N N  G  GGG   !            |
|           WW  WW  A    A  R   R   N   NN  II  N   NN  G    G                |
|           W    W  A    A  R    R  N    N  II  N    N   GGGG   !!!           |
|                                                                             |
|     The requested file  could not be found or opened for reading            |
|     k-point information. Automatic k-point generation is used as a          |
|     fallback, which may lead to unwanted results.                           |
|                                                                             |
 -----------------------------------------------------------------------------

 -----------------------------------------------------------------------------
|                                                                             |
|           W    W    AA    RRRRR   N    N  II  N    N   GGGG   !!!           |
|           W    W   A  A   R    R  NN   N  II  NN   N  G    G  !!!           |
|           W    W  A    A  R    R  N N  N  II  N N  N  G       !!!           |
|           W WW W  AAAAAA  RRRRR   N  N N  II  N  N N  G  GGG   !            |
|           WW  WW  A    A  R   R   N   NN  II  N   NN  G    G                |
|           W    W  A    A  R    R  N    N  II  N    N   GGGG   !!!           |
|                                                                             |
|     Your reciprocal lattice and k-lattice belong to different lattice       |
|     classes:                                                                |
|                                                                             |
|        The reciprocal lattice is body-centered tetragonal,                  |
|        whereas your k-lattice is base-centered monoclinic.                  |
|                                                                             |
|     Results are often still useful ...                                      |
|                                                                             |
 -----------------------------------------------------------------------------

 found WAVECAR, reading the header
  number of k-points has changed, file:   927 present:   813
  trying to continue reading WAVECAR, but it might fail
 INCAR ok, starting setup
 POSCAR ok, starting setup
 FFT: planning ... GRIDC
 FFT: planning ... GRID_SOFT
 FFT: planning ... GRID
 reading WAVECAR
 the WAVECAR file was read successfully
 initial charge from wavefunction
 entering main loop
       N       E                     dE             d eps       ncg     rms          rms(c)
DAV:   1    -0.647665486428E+01   -0.64767E+01   -0.52693E+02 19648   0.628E+01BRMIX: very serious problems
 the old and the new charge density differ
 old charge density:     7.83878 new    8.00000
    0.512E+01
DAV:   2    -0.101416469862E+02   -0.36650E+01   -0.32989E+01 16096   0.297E+01    0.409E+01
DAV:   3    -0.102703341065E+02   -0.12869E+00   -0.12824E+00 15508   0.510E+00    0.327E+01
DAV:   4    -0.102669853012E+02    0.33488E-02   -0.13603E-02 15356   0.627E-01    0.103E+00
DAV:   5    -0.102668065933E+02    0.17871E-03   -0.15769E-04 11560   0.824E-02    0.929E-01
DAV:   6    -0.102667203035E+02    0.86290E-04   -0.16043E-04  9940   0.885E-02
   1 F= -.10266720E+02 E0= -.10266720E+02  d E =0.000000E+00
 writing wavefunctions
 -----------------------------------------------------------------------------
|                                                                             |
|           W    W    AA    RRRRR   N    N  II  N    N   GGGG   !!!           |
|           W    W   A  A   R    R  NN   N  II  NN   N  G    G  !!!           |
|           W    W  A    A  R    R  N N  N  II  N N  N  G       !!!           |
|           W WW W  AAAAAA  RRRRR   N  N N  II  N  N N  G  GGG   !            |
|           WW  WW  A    A  R   R   N   NN  II  N   NN  G    G                |
|           W    W  A    A  R    R  N    N  II  N    N   GGGG   !!!           |
|                                                                             |
|     Tetrahedron method does not include variations of the Fermi             |
|     occupations, so forces and stress will be inaccurate. We suggest        |
|     using a different smearing scheme ISMEAR = 1 or 2 for metals in         |
|     relaxations.                                                            |
|                                                                             |
 -----------------------------------------------------------------------------

