 running    2 mpi-ranks, with    1 threads/rank, on    1 nodes
 distrk:  each k-point on    2 cores,    1 groups
 distr:  one band on    2 cores,    1 groups
 vasp.6.4.2 20Jul23 (build Oct 18 2023 12:49:41) complex                         
 POSCAR found type information on POSCAR Si
 POSCAR found :  1 types and       2 ions
 Reading from existing POTCAR
 scaLAPACK will be used
 Reading from existing POTCAR
 LDA part: xc-table for Pade appr. of Perdew
 -----------------------------------------------------------------------------
|                                                                             |
|           W    W    AA    RRRRR   N    N  II  N    N   GGGG   !!!           |
|           W    W   A  A   R    R  NN   N  II  NN   N  G    G  !!!           |
|           W    W  A    A  R    R  N N  N  II  N N  N  G       !!!           |
|           W WW W  AAAAAA  RRRRR   N  N N  II  N  N N  G  GGG   !            |
|           WW  WW  A    A  R   R   N   NN  II  N   NN  G    G                |
|           W    W  A    A  R    R  N    N  II  N    N   GGGG   !!!           |
|                                                                             |
|     The requested file  could not be found or opened for reading            |
|     k-point information. Automatic k-point generation is used as a          |
|     fallback, which may lead to unwanted results.                           |
|                                                                             |
 -----------------------------------------------------------------------------

 -----------------------------------------------------------------------------
|                                                                             |
|           W    W    AA    RRRRR   N    N  II  N    N   GGGG   !!!           |
|           W    W   A  A   R    R  NN   N  II  NN   N  G    G  !!!           |
|           W    W  A    A  R    R  N N  N  II  N N  N  G       !!!           |
|           W WW W  AAAAAA  RRRRR   N  N N  II  N  N N  G  GGG   !            |
|           WW  WW  A    A  R   R   N   NN  II  N   NN  G    G                |
|           W    W  A    A  R    R  N    N  II  N    N   GGGG   !!!           |
|                                                                             |
|     Your reciprocal lattice and k-lattice belong to different lattice       |
|     classes:                                                                |
|                                                                             |
|        The reciprocal lattice is body-centered tetragonal,                  |
|        whereas your k-lattice is base-centered monoclinic.                  |
|                                                                             |
|     Results are often still useful ...                                      |
|                                                                             |
 -----------------------------------------------------------------------------

 found WAVECAR, reading the header
  number of k-points has changed, file:   753 present:   927
  trying to continue reading WAVECAR, but it might fail
 INCAR ok, starting setup
 POSCAR ok, starting setup
 FFT: planning ... GRIDC
 FFT: planning ... GRID_SOFT
 FFT: planning ... GRID
 reading WAVECAR
 the WAVECAR file was read successfully
 initial charge from wavefunction
 entering main loop
       N       E                     dE             d eps       ncg     rms          rms(c)
DAV:   1    -0.648889620291E+01   -0.64889E+01   -0.52968E+02 22664   0.639E+01BRMIX: very serious problems
 the old and the new charge density differ
 old charge density:     7.63956 new    8.00000
    0.496E+01
DAV:   2    -0.101614802493E+02   -0.36726E+01   -0.32778E+01 18244   0.303E+01    0.407E+01
DAV:   3    -0.102760481000E+02   -0.11457E+00   -0.11020E+00 17820   0.523E+00    0.395E+01
DAV:   4    -0.102665382913E+02    0.95098E-02   -0.14429E-02 17322   0.823E-01    0.900E-01
DAV:   5    -0.102663753322E+02    0.16296E-03   -0.23059E-04 14534   0.112E-01    0.996E-01
DAV:   6    -0.102662869917E+02    0.88340E-04   -0.16875E-04 11562   0.917E-02
   1 F= -.10266287E+02 E0= -.10266287E+02  d E =0.000000E+00
 writing wavefunctions
 -----------------------------------------------------------------------------
|                                                                             |
|           W    W    AA    RRRRR   N    N  II  N    N   GGGG   !!!           |
|           W    W   A  A   R    R  NN   N  II  NN   N  G    G  !!!           |
|           W    W  A    A  R    R  N N  N  II  N N  N  G       !!!           |
|           W WW W  AAAAAA  RRRRR   N  N N  II  N  N N  G  GGG   !            |
|           WW  WW  A    A  R   R   N   NN  II  N   NN  G    G                |
|           W    W  A    A  R    R  N    N  II  N    N   GGGG   !!!           |
|                                                                             |
|     Tetrahedron method does not include variations of the Fermi             |
|     occupations, so forces and stress will be inaccurate. We suggest        |
|     using a different smearing scheme ISMEAR = 1 or 2 for metals in         |
|     relaxations.                                                            |
|                                                                             |
 -----------------------------------------------------------------------------

