 running    2 mpi-ranks, with    1 threads/rank, on    1 nodes
 distrk:  each k-point on    2 cores,    1 groups
 distr:  one band on    2 cores,    1 groups
 vasp.6.4.2 20Jul23 (build Oct 18 2023 12:49:41) complex                         
 POSCAR found type information on POSCAR Si
 POSCAR found :  1 types and       2 ions
 Reading from existing POTCAR
 scaLAPACK will be used
 Reading from existing POTCAR
 LDA part: xc-table for Pade appr. of Perdew
 -----------------------------------------------------------------------------
|                                                                             |
|           W    W    AA    RRRRR   N    N  II  N    N   GGGG   !!!           |
|           W    W   A  A   R    R  NN   N  II  NN   N  G    G  !!!           |
|           W    W  A    A  R    R  N N  N  II  N N  N  G       !!!           |
|           W WW W  AAAAAA  RRRRR   N  N N  II  N  N N  G  GGG   !            |
|           WW  WW  A    A  R   R   N   NN  II  N   NN  G    G                |
|           W    W  A    A  R    R  N    N  II  N    N   GGGG   !!!           |
|                                                                             |
|     The requested file  could not be found or opened for reading            |
|     k-point information. Automatic k-point generation is used as a          |
|     fallback, which may lead to unwanted results.                           |
|                                                                             |
 -----------------------------------------------------------------------------

 -----------------------------------------------------------------------------
|                                                                             |
|           W    W    AA    RRRRR   N    N  II  N    N   GGGG   !!!           |
|           W    W   A  A   R    R  NN   N  II  NN   N  G    G  !!!           |
|           W    W  A    A  R    R  N N  N  II  N N  N  G       !!!           |
|           W WW W  AAAAAA  RRRRR   N  N N  II  N  N N  G  GGG   !            |
|           WW  WW  A    A  R   R   N   NN  II  N   NN  G    G                |
|           W    W  A    A  R    R  N    N  II  N    N   GGGG   !!!           |
|                                                                             |
|     Your reciprocal lattice and k-lattice belong to different lattice       |
|     classes:                                                                |
|                                                                             |
|        The reciprocal lattice is body-centered tetragonal,                  |
|        whereas your k-lattice is base-centered monoclinic.                  |
|                                                                             |
|     Results are often still useful ...                                      |
|                                                                             |
 -----------------------------------------------------------------------------

 found WAVECAR, reading the header
  number of k-points has changed, file:   270 present:   312
  trying to continue reading WAVECAR, but it might fail
 INCAR ok, starting setup
 POSCAR ok, starting setup
 FFT: planning ... GRIDC
 FFT: planning ... GRID_SOFT
 FFT: planning ... GRID
 reading WAVECAR
 the WAVECAR file was read successfully
 initial charge from wavefunction
 entering main loop
       N       E                     dE             d eps       ncg     rms          rms(c)
DAV:   1    -0.605959919866E+01   -0.60596E+01   -0.59944E+02  7566   0.669E+01BRMIX: very serious problems
 the old and the new charge density differ
 old charge density:     7.93793 new    8.00000
    0.537E+01
DAV:   2    -0.101265044352E+02   -0.40669E+01   -0.36251E+01  6198   0.305E+01    0.463E+01
DAV:   3    -0.102833631268E+02   -0.15686E+00   -0.14620E+00  5946   0.551E+00    0.677E+01
DAV:   4    -0.102688750347E+02    0.14488E-01   -0.15422E-02  5822   0.801E-01    0.115E+00
DAV:   5    -0.102686241480E+02    0.25089E-03   -0.19694E-04  4714   0.996E-02    0.130E+00
DAV:   6    -0.102684998444E+02    0.12430E-03   -0.23577E-04  4474   0.106E-01    0.199E-02
DAV:   7    -0.102684981246E+02    0.17198E-05   -0.99912E-06  2944   0.279E-02
   1 F= -.10268498E+02 E0= -.10268498E+02  d E =0.000000E+00
 writing wavefunctions
 -----------------------------------------------------------------------------
|                                                                             |
|           W    W    AA    RRRRR   N    N  II  N    N   GGGG   !!!           |
|           W    W   A  A   R    R  NN   N  II  NN   N  G    G  !!!           |
|           W    W  A    A  R    R  N N  N  II  N N  N  G       !!!           |
|           W WW W  AAAAAA  RRRRR   N  N N  II  N  N N  G  GGG   !            |
|           WW  WW  A    A  R   R   N   NN  II  N   NN  G    G                |
|           W    W  A    A  R    R  N    N  II  N    N   GGGG   !!!           |
|                                                                             |
|     Tetrahedron method does not include variations of the Fermi             |
|     occupations, so forces and stress will be inaccurate. We suggest        |
|     using a different smearing scheme ISMEAR = 1 or 2 for metals in         |
|     relaxations.                                                            |
|                                                                             |
 -----------------------------------------------------------------------------

