 running    2 mpi-ranks, with    1 threads/rank, on    1 nodes
 distrk:  each k-point on    2 cores,    1 groups
 distr:  one band on    2 cores,    1 groups
 vasp.6.4.2 20Jul23 (build Oct 18 2023 12:49:41) complex                         
 POSCAR found type information on POSCAR Si
 POSCAR found :  1 types and       2 ions
 Reading from existing POTCAR
 scaLAPACK will be used
 Reading from existing POTCAR
 LDA part: xc-table for Pade appr. of Perdew
 -----------------------------------------------------------------------------
|                                                                             |
|           W    W    AA    RRRRR   N    N  II  N    N   GGGG   !!!           |
|           W    W   A  A   R    R  NN   N  II  NN   N  G    G  !!!           |
|           W    W  A    A  R    R  N N  N  II  N N  N  G       !!!           |
|           W WW W  AAAAAA  RRRRR   N  N N  II  N  N N  G  GGG   !            |
|           WW  WW  A    A  R   R   N   NN  II  N   NN  G    G                |
|           W    W  A    A  R    R  N    N  II  N    N   GGGG   !!!           |
|                                                                             |
|     The requested file  could not be found or opened for reading            |
|     k-point information. Automatic k-point generation is used as a          |
|     fallback, which may lead to unwanted results.                           |
|                                                                             |
 -----------------------------------------------------------------------------

 -----------------------------------------------------------------------------
|                                                                             |
|           W    W    AA    RRRRR   N    N  II  N    N   GGGG   !!!           |
|           W    W   A  A   R    R  NN   N  II  NN   N  G    G  !!!           |
|           W    W  A    A  R    R  N N  N  II  N N  N  G       !!!           |
|           W WW W  AAAAAA  RRRRR   N  N N  II  N  N N  G  GGG   !            |
|           WW  WW  A    A  R   R   N   NN  II  N   NN  G    G                |
|           W    W  A    A  R    R  N    N  II  N    N   GGGG   !!!           |
|                                                                             |
|     Your reciprocal lattice and k-lattice belong to different lattice       |
|     classes:                                                                |
|                                                                             |
|        The reciprocal lattice is body-centered tetragonal,                  |
|        whereas your k-lattice is base-centered monoclinic.                  |
|                                                                             |
|     Results are often still useful ...                                      |
|                                                                             |
 -----------------------------------------------------------------------------

 found WAVECAR, reading the header
  number of k-points has changed, file:  1117 present:  1240
  trying to continue reading WAVECAR, but it might fail
 INCAR ok, starting setup
 POSCAR ok, starting setup
 FFT: planning ... GRIDC
 FFT: planning ... GRID_SOFT
 FFT: planning ... GRID
 reading WAVECAR
 the WAVECAR file was read successfully
 initial charge from wavefunction
 entering main loop
       N       E                     dE             d eps       ncg     rms          rms(c)
DAV:   1    -0.619195635716E+01   -0.61920E+01   -0.56907E+02 30478   0.677E+01BRMIX: very serious problems
 the old and the new charge density differ
 old charge density:     7.80428 new    8.00000
    0.545E+01
DAV:   2    -0.101534714524E+02   -0.39615E+01   -0.35351E+01 24536   0.313E+01    0.447E+01
DAV:   3    -0.102749825233E+02   -0.12151E+00   -0.11871E+00 23766   0.541E+00    0.446E+01
DAV:   4    -0.102668874877E+02    0.80950E-02   -0.12020E-02 23298   0.727E-01    0.106E+00
DAV:   5    -0.102666757639E+02    0.21172E-03   -0.17845E-04 18450   0.958E-02    0.112E+00
DAV:   6    -0.102665664073E+02    0.10936E-03   -0.20773E-04 16712   0.100E-01    0.386E-02
DAV:   7    -0.102665643089E+02    0.20984E-05   -0.11278E-05 11676   0.308E-02
   1 F= -.10266564E+02 E0= -.10266564E+02  d E =0.000000E+00
 writing wavefunctions
 -----------------------------------------------------------------------------
|                                                                             |
|           W    W    AA    RRRRR   N    N  II  N    N   GGGG   !!!           |
|           W    W   A  A   R    R  NN   N  II  NN   N  G    G  !!!           |
|           W    W  A    A  R    R  N N  N  II  N N  N  G       !!!           |
|           W WW W  AAAAAA  RRRRR   N  N N  II  N  N N  G  GGG   !            |
|           WW  WW  A    A  R   R   N   NN  II  N   NN  G    G                |
|           W    W  A    A  R    R  N    N  II  N    N   GGGG   !!!           |
|                                                                             |
|     Tetrahedron method does not include variations of the Fermi             |
|     occupations, so forces and stress will be inaccurate. We suggest        |
|     using a different smearing scheme ISMEAR = 1 or 2 for metals in         |
|     relaxations.                                                            |
|                                                                             |
 -----------------------------------------------------------------------------

