 running    2 mpi-ranks, with    1 threads/rank, on    1 nodes
 distrk:  each k-point on    2 cores,    1 groups
 distr:  one band on    2 cores,    1 groups
 vasp.6.4.2 20Jul23 (build Oct 18 2023 12:49:41) complex                         
 POSCAR found type information on POSCAR Si
 POSCAR found :  1 types and       2 ions
 Reading from existing POTCAR
 scaLAPACK will be used
 Reading from existing POTCAR
 LDA part: xc-table for Pade appr. of Perdew
 -----------------------------------------------------------------------------
|                                                                             |
|           W    W    AA    RRRRR   N    N  II  N    N   GGGG   !!!           |
|           W    W   A  A   R    R  NN   N  II  NN   N  G    G  !!!           |
|           W    W  A    A  R    R  N N  N  II  N N  N  G       !!!           |
|           W WW W  AAAAAA  RRRRR   N  N N  II  N  N N  G  GGG   !            |
|           WW  WW  A    A  R   R   N   NN  II  N   NN  G    G                |
|           W    W  A    A  R    R  N    N  II  N    N   GGGG   !!!           |
|                                                                             |
|     The requested file  could not be found or opened for reading            |
|     k-point information. Automatic k-point generation is used as a          |
|     fallback, which may lead to unwanted results.                           |
|                                                                             |
 -----------------------------------------------------------------------------

 -----------------------------------------------------------------------------
|                                                                             |
|           W    W    AA    RRRRR   N    N  II  N    N   GGGG   !!!           |
|           W    W   A  A   R    R  NN   N  II  NN   N  G    G  !!!           |
|           W    W  A    A  R    R  N N  N  II  N N  N  G       !!!           |
|           W WW W  AAAAAA  RRRRR   N  N N  II  N  N N  G  GGG   !            |
|           WW  WW  A    A  R   R   N   NN  II  N   NN  G    G                |
|           W    W  A    A  R    R  N    N  II  N    N   GGGG   !!!           |
|                                                                             |
|     Your reciprocal lattice and k-lattice belong to different lattice       |
|     classes:                                                                |
|                                                                             |
|        The reciprocal lattice is body-centered tetragonal,                  |
|        whereas your k-lattice is base-centered monoclinic.                  |
|                                                                             |
|     Results are often still useful ...                                      |
|                                                                             |
 -----------------------------------------------------------------------------

 INCAR ok, starting setup
 POSCAR ok, starting setup
 FFT: planning ... GRIDC
 FFT: planning ... GRID_SOFT
 FFT: planning ... GRID
 WAVECAR not read
 entering main loop
       N       E                     dE             d eps       ncg     rms          rms(c)
DAV:   1     0.518804884042E+01    0.51880E+01   -0.19189E+03  4334   0.447E+02
DAV:   2    -0.968941260389E+01   -0.14877E+02   -0.13828E+02  5304   0.981E+01
DAV:   3    -0.102552575716E+02   -0.56584E+00   -0.55650E+00  5414   0.155E+01
DAV:   4    -0.102590726881E+02   -0.38151E-02   -0.38313E-02  5022   0.156E+00
DAV:   5    -0.102591027119E+02   -0.30024E-04   -0.30051E-04  4546   0.111E-01    0.450E+00
DAV:   6    -0.102499111319E+02    0.91916E-02   -0.28483E-03  4904   0.433E-01    0.260E+00
DAV:   7    -0.102440729511E+02    0.58382E-02   -0.70573E-03  4792   0.685E-01    0.217E-01
DAV:   8    -0.102440070978E+02    0.65853E-04   -0.50338E-04  4656   0.187E-01
   1 F= -.10244007E+02 E0= -.10244007E+02  d E =0.000000E+00
 writing wavefunctions
 -----------------------------------------------------------------------------
|                                                                             |
|           W    W    AA    RRRRR   N    N  II  N    N   GGGG   !!!           |
|           W    W   A  A   R    R  NN   N  II  NN   N  G    G  !!!           |
|           W    W  A    A  R    R  N N  N  II  N N  N  G       !!!           |
|           W WW W  AAAAAA  RRRRR   N  N N  II  N  N N  G  GGG   !            |
|           WW  WW  A    A  R   R   N   NN  II  N   NN  G    G                |
|           W    W  A    A  R    R  N    N  II  N    N   GGGG   !!!           |
|                                                                             |
|     Tetrahedron method does not include variations of the Fermi             |
|     occupations, so forces and stress will be inaccurate. We suggest        |
|     using a different smearing scheme ISMEAR = 1 or 2 for metals in         |
|     relaxations.                                                            |
|                                                                             |
 -----------------------------------------------------------------------------

